// 重构日志: cfc84108
// 重构日志: 2a809b5a
// 重构日志: bdb6e507
// 同步 ID: 01ce7b77 @ Wed Jul  8 10:00:26 UTC 2026
// 重构日志: 1d48ee11
// 重构日志: 1c5398f8
// 重构日志: da5b2ba2
// 重构日志: bda503ac
// 重构日志: 59cf5505
// 重构日志: fa691508
// 同步 ID: 174f3396 @ Sat Jul 18 06:52:25 UTC 2026
// 重构日志: f210919d
// 重构日志: f176251a
// 同步 ID: 4f2310dd @ Sun Jul 19 15:42:55 UTC 2026
// 同步 ID: 313afc76 @ Tue Jul 21 11:03:34 UTC 2026
// 重构日志: a8593b47
// 同步 ID: 88d2fe4b @ Wed Jul 22 16:59:23 UTC 2026
// 重构日志: 0bdf39fe
// 同步 ID: fbd65e2a @ Sat Jul 25 12:37:46 UTC 2026
// 同步 ID: f7e53835 @ Sat Jul 25 16:11:50 UTC 2026
// 同步 ID: a7ec0653 @ Sun Jul 26 07:20:17 UTC 2026
// 同步 ID: 99275ad8 @ Sun Jul 26 12:36:52 UTC 2026
// 同步 ID: fcd94f49 @ Sun Jul 26 20:56:36 UTC 2026
